We @@take candidates into the recruitment process## continuously and close the position down once we have found the right candidate.
We take candidates into the recruitment process continuously and close the position down once we have found the right candidate.
Appreciation of the importance of @@coherent software architecture and design## @@Loosely coupled message or event based architectures## A full @@understanding of eventual consistency concepts## preferably hands on experience
Appreciation of the importance of @@coherent software architecture and design## @@Loosely coupled message or event based architectures## A full understanding of @@eventual consistency concepts## preferably hands on experience
Likely the project will involve additional trips to the <LOCATION> <LOCATION> as microscope implementation at <ORGANIZATION> progresses .
Likely the project will involve additional trips to the <LOCATION> <LOCATION> as @@microscope implementation## at <ORGANIZATION> progresses .
@@Manage and be part of all processes of a typical sales cycle from A-Z## .
Manage and be part of all processes of a typical @@sales cycle## from A-Z .
Personal adherence to @@development standards and best practices for software development## and review of colleagues code Being an exemplar of progressive @@development behaviours; maximizing collaboration and knowledge sharing## through effective @@pairing on tasks## with developers testers and DevOps Creation of @@POCs / Spike development## and active involvement in technology evaluation
Personal adherence to @@development standards## and @@best practices for software development## and review of colleagues code Being an exemplar of progressive development behaviours; maximizing collaboration and knowledge sharing through effective pairing on tasks with developers testers and DevOps Creation of POCs / Spike development and active involvement in technology evaluation
Our aim is to offer our customers an integrated customer centric value driven transparent and real time supply chain ecosystem through @@disruptive digital & capability transformation## .
Our aim is to offer our customers an integrated customer centric value driven transparent and real time supply chain ecosystem through disruptive digital & capability transformation .
You have a natural interest in @@managing people## and your CV shows at least two years of @@management experience## .
You have a natural interest in managing people and your CV shows at least two years of @@management experience## .
We @@run tours daily## and in the high season you will most likely be @@working more than one tour per day## so it is important you have a @@good stamina for repeat tours## and a love for being outdoors .
We run tours daily and in the high season you will most likely be working more than one tour per day so it is important you have a good stamina for repeat tours and a love for being outdoors .
We are interested particularly in @@research and teaching## in the areas of business research .
We are interested particularly in research and teaching in the areas of @@business research## .
Latest phone for work and private use
Latest phone for work and private use
Our expert team is looking forward to welcoming you into our positive and encouraging work environment .
Our expert team is looking forward to welcoming you into our positive and encouraging work environment .
Academic development of the marketing discipline .
Academic development of the @@marketing discipline## .
If this sounds like the job for you then @@create a profile on our website## <CONTACT> upload your CV and application .
If this sounds like the job for you then create a profile on our website <CONTACT> upload your CV and application .
We offer
We offer
<ORGANIZATION> <ORGANIZATION> <ORGANIZATION> 500 employees @@deliver state-of-the-art smart energy solutions## and handle all aspects related to @@purchasing selling and distributing energy## .
<ORGANIZATION> <ORGANIZATION> <ORGANIZATION> 500 employees deliver state-of-the-art @@smart energy solutions## and handle all aspects related to purchasing selling and distributing energy .
This transition represents an exciting opportunity for us ( and for you as a PhD Student ) to @@reinvent our research strategies## as well as our @@approaches to teaching and learning## .
This transition represents an exciting opportunity for us ( and for you as a @@PhD Student## ) to reinvent our research strategies as well as our approaches to teaching and learning .
You will become part of an international team with a high focus on @@continuous coaching and development## all while @@contributing to creating a better future for the children of the world## .
You will become part of an international team with a high focus on continuous coaching and development all while contributing to creating a better future for the children of the world .
The core of the role includes all aspects of the @@international sales and business development process## focused on @@building new business relationships## as well as @@building on existing success already in place## .
The core of the role includes all aspects of the @@international sales## and @@business development## process focused on building new business relationships as well as building on existing success already in place .
Strong knowledge of HTML and CSS ( LESS SCSS PostCSS ) Solid understanding of Angular React or similar JS frameworks
Strong knowledge of @@HTML## and @@CSS## ( @@LESS## @@SCSS## @@PostCSS## ) Solid understanding of @@Angular## @@React## or similar @@JS## frameworks
Personality and experience You are @@inspiring## @@persuasive## and @@convincing in your behavior## .
Personality and experience You are inspiring persuasive and convincing in your behavior .
Equipment of your choice
Equipment of your choice
Furthermore, excellence in at least one of the following categories is highly desirable: @@data visualisation tools##, @@cloud platforms##, @@machine learning techniques and algorithms## .
Furthermore excellence in at least one of the following categories is highly desirable: @@data visualisation tools## @@cloud platforms## @@machine learning techniques## and @@algorithms## .
Your tasks will vary and you will get a possibility to @@influence your work day-to-day## .
Your tasks will vary and you will get a possibility to influence your work day-to-day .
In order to apply for this job you have to be: Fluent in English .
In order to apply for this job you have to be: Fluent in @@English## .
You can read more about <ORGANIZATION> <ORGANIZATION> <ORGANIZATION> <ORGANIZATION> <ORGANIZATION> <ORGANIZATION> on <CONTACT> <CONTACT>
You can read more about <ORGANIZATION> <ORGANIZATION> <ORGANIZATION> <ORGANIZATION> <ORGANIZATION> <ORGANIZATION> on <CONTACT> <CONTACT>
You will @@work directly with business leadership business users and the R&D to drive development of the software product roadmap## @@find innovative solutions for existing and new technology needs## and @@stays on top of current trends to develop long term plans for the success of the dedicated product## .
You will work directly with business leadership business users and the R&D to drive development of the @@software product roadmap## find innovative solutions for existing and new technology needs and stays on top of current trends to develop long term plans for the success of the dedicated product .
We expect that you @@speak and write## fluently English .
We expect that you speak and write fluently @@English## .
You will @@work in different bid and sales project-oriented processes## .
You will work in different @@bid## and @@sales project-oriented processes## .
For further information please contact <NAME> <NAME> <CONTACT> <CONTACT>
For further information please contact <NAME> <NAME> <CONTACT> <CONTACT>
@@Perform benchmarking## and @@do market analysis## for key positions .
Perform @@benchmarking## and do @@market analysis## for key positions .
You are also welcome to send us a video application .
You are also welcome to send us a video application .
@@Result oriented## and work @@constructively towards reaching goals## .
Result oriented and work constructively towards reaching goals .
At <ORGANIZATION> we @@work in close partnership## with our customers and the global community to @@make a sustainable impact## .
At <ORGANIZATION> we work in close partnership with our customers and the global community to make a @@sustainable impact## .
We will @@conduct interviews## on an on-going basis.
We will conduct interviews on an on-going basis.
This position is placed in <LOCATION> <LOCATION> .
This position is placed in <LOCATION> <LOCATION> .
About <ORGANIZATION> <ORGANIZATION> is the world leader in biological solutions .
About <ORGANIZATION> <ORGANIZATION> is the world leader in @@biological solutions## .
See more about us on our website <CONTACT> Working time: Full time of 37 hours per week Duration: 3 months Deadline: 10-01-2021 Please send your application and resume to Sales Manager <NAME> <NAME> via e-mail to <CONTACT> <CONTACT> <ORGANIZATION> <ORGANIZATION> is based on <LOCATION> near <LOCATION> .
See more about us on our website <CONTACT> Working time: Full time of 37 hours per week Duration: 3 months Deadline: 10-01-2021 Please send your application and resume to Sales Manager <NAME> <NAME> via e-mail to <CONTACT> <CONTACT> <ORGANIZATION> <ORGANIZATION> is based on <LOCATION> near <LOCATION> .
If youre @@curious##, @@enjoy learning## and want to have an @@impact on enabling the next generation of renewable energy projects##, we would like to hear from you .
If youre curious enjoy learning and want to have an impact on enabling the @@next generation of renewable energy projects## we would like to hear from you .
<ORGANIZATION> has over 1300 employees in more than 20 countries with headquarters in <LOCATION> .
<ORGANIZATION> has over 1300 employees in more than 20 countries with headquarters in <LOCATION> .
Would you like to have a cool workday consisting of @@cruising on a Segway## while @@showing tourists from all over the world our beautiful city##?
Would you like to have a cool workday consisting of cruising on a @@Segway## while showing tourists from all over the world our beautiful city?
There will be a high degree of @@cooperation with other teams## in the department the management team as well as QA functions and other collaborators .
There will be a high degree of cooperation with other teams in the department the management team as well as @@QA functions## and other collaborators .
Would you like to help shape the renewable technologies of the future? Send your application to us as soon as possible and no later than 31 January 2019 as well be conducting interviews on a continuous basis .
Would you like to help shape the @@renewable technologies## of the future? Send your application to us as soon as possible and no later than 31 January 2019 as well be conducting interviews on a continuous basis .
Recruitment process
Recruitment process
Receipts of the applications will be acknowledged and the applicant will be kept continuously informed of the progress of the application .
Receipts of the applications will be acknowledged and the applicant will be kept continuously informed of the progress of the application .
You will join us at a time where we have exciting projects in the pipeline all of which are @@run by cross-functional teams## .
You will join us at a time where we have exciting projects in the pipeline all of which are run by @@cross-functional teams## .
The job is for around 40 hours a week where you will be working from around 6:30 in the morning until 15:30 in the afternoon .
The job is for around 40 hours a week where you will be working from around 6:30 in the morning until 15:30 in the afternoon .
@@interface optics electronics and software## .
interface optics @@electronics## and @@software## .
Please remember to attach your cover letter and a current CV in English .
Please remember to attach your cover letter and a current CV in @@English## .
As a promotor you therefore need to @@engage people in the streets## and @@inspire them to support the cause## by conveying knowledge about how <ORGANIZATION> works .
As a promotor you therefore need to engage people in the streets and inspire them to support the cause by conveying @@knowledge about how <ORGANIZATION> works .##
Do you want to be part of a team @@supporting growth through development## and @@continuous optimisation of global rewards initiatives##?
Do you want to be part of a team supporting growth through development and continuous optimisation of @@global rewards initiatives##?
Call <CONTACT> for more information - a serious job for adult people - <CONTACT>
Call <CONTACT> for more information - a serious job for adult people - <CONTACT>
Together with our customers <ORGANIZATION> more than 24,300 employees are @@bringing the world sustainable energy solutions to power a bright future## .
Together with our customers <ORGANIZATION> more than 24,300 employees are bringing the world @@sustainable energy solutions## to power a bright future .
We will provide you with opportunities to @@broaden your knowledge## and @@strengthen your technical and professional foundation## .
We will provide you with opportunities to broaden your @@knowledge## and strengthen your @@technical and professional foundation## .
If you want to experience a different country and combine that with work please feel free to send your CV to <CONTACT> <CONTACT> and we will get back to you shortly .
If you want to experience a different country and combine that with work please feel free to send your CV to <CONTACT> <CONTACT> and we will get back to you shortly .
The Department of Electrical Engineering is the central department within electrical and biomedical engineering .
The Department of @@Electrical Engineering## is the central department within @@electrical and biomedical engineering## .
You are @@structured## and able to @@keep the overall view## and you @@thrive in a busy and constantly changing working day## .
You are structured and able to keep the overall view and you thrive in a busy and constantly changing working day .
Join us and become Senior Data Engineer in Advanced Analytics where youll be part of projects and labs responsible for @@developing our new data backbone## and @@inspiring the stakeholders in advanced analytics and artificial intelligence techniques## to achieve better results .
Join us and become Senior Data Engineer in @@Advanced Analytics## where youll be part of projects and labs responsible for developing our new data backbone and inspiring the stakeholders in @@advanced analytics## and @@artificial intelligence techniques## to achieve better results .
You have good knowledge and experience in @@automation and control systems## .
You have good knowledge and experience in @@automation## and @@control systems## .
We are looking for a candidate that would be @@motivated by taking a key role in the digitalization## at <ORGANIZATION> <ORGANIZATION> <ORGANIZATION> <ORGANIZATION> with @@leadership in Teamcenter## our PLM/PDM Manufacturing Execution and product quality systems ( QSYS ) and @@integration to global ERP ( SAP ) Platforms for Product and process related information##.We are @@working in a truly global environment## and you will be @@collaborating with a broad diversity of cultures globally##.
We are looking for a candidate that would be motivated by taking a key role in the @@digitalization## at <ORGANIZATION> <ORGANIZATION> <ORGANIZATION> <ORGANIZATION> with leadership in @@Teamcenter## our @@PLM/PDM Manufacturing Execution## and @@product quality systems ( QSYS )## and integration to global @@ERP ( SAP )## Platforms for Product and process related information.We are working in a truly global environment and you will be collaborating with a broad diversity of cultures globally .
Furthermore the successful applicant must document pedagogical qualifications and competences in terms of @@development and innovation in the pedagogical area of marketing## .
Furthermore the successful applicant must document pedagogical qualifications and competences in terms of development and innovation in the pedagogical area of @@marketing## .
After tax you can expect to receive approx .
After tax you can expect to receive approx .
KG and internationally renowned Danish hearing health care company <ORGANIZATION> <ORGANIZATION> <ORGANIZATION> <ORGANIZATION> .
KG and internationally renowned Danish @@hearing health care## company <ORGANIZATION> <ORGANIZATION> <ORGANIZATION> <ORGANIZATION> .
<ORGANIZATION> offers: A fixed and well-paid full-time or part-time job as @@carrier##
<ORGANIZATION> offers: A fixed and well-paid full-time or part-time job as @@carrier##
With our customer in <LOCATION> you will become a part of a team where @@cooperation## enthusiasm and quality are the key words and where employee welfare is in focus .
With our customer in <LOCATION> you will become a part of a team where @@cooperation##, enthusiasm and quality are the key words and where employee welfare is in focus .
Business Engineering or Supply Chain Management ) backed by at least 7 years supply chain experience from an international company where you have @@gained proven working experience with SAP APO## .
Business Engineering or @@Supply Chain Management## ) backed by at least 7 years @@supply chain## experience from an international company where you have gained proven working experience with @@SAP APO## .
Foreign applicants may find the following links useful: <CONTACT> ( International Staff Mobility ) and <CONTACT> .
Foreign applicants may find the following links useful: <CONTACT> ( @@International Staff Mobility## ) and <CONTACT> .
@@completed##
completed
Please contact Fellow Stig Helveg Atomic-Scale Analysis Department at <CONTACT> <CONTACT> if you want to @@know more about the position## .
Please contact Fellow Stig Helveg @@Atomic-Scale Analysis Department## at <CONTACT> <CONTACT> if you want to know more about the position .
Indicative job duties and responsibilities
Indicative job duties and responsibilities
Most of the leaders in our team started out as @@fundraisers## .
Most of the leaders in our team started out as @@fundraisers## .
The assessment of applicants will be made by Associate Professor <NAME> <NAME> <NAME>
The assessment of applicants will be made by Associate Professor <NAME> <NAME> <NAME>
We @@work on both pedestrian streets at malls and at indoor as well as outdoor events## .
We work on both @@pedestrian streets## at malls and at indoor as well as outdoor events .
About you You have most likely worked in large enterprises being part of large scale system implementaions a a lead consultant You have had an exposure to Teamcenter or any other PLM enterprise system and understands how systems @@interact with ERP and manufacturing execution systems## .
About you You have most likely worked in large enterprises being part of @@large scale system implementaions## a a lead consultant You have had an exposure to @@Teamcenter## or any other @@PLM enterprise system## and understands how systems interact with @@ERP## and @@manufacturing execution systems## .
In other words you will be the one who your colleagues contact in order to @@maximise the value of their systems## .
In other words you will be the one who your colleagues contact in order to maximise the value of their @@systems## .
We also @@arrange several corporate events## all over <LOCATION> .
We also arrange several corporate events all over <LOCATION> .
This can be @@commercial insight## or @@production knowledge##
This can be @@commercial insight## or @@production knowledge##
As a new employee at <ORGANIZATION> helpful colleagues welcome you and you can look forward to both a mentor arrangement and all the support you need .
As a new employee at <ORGANIZATION> helpful colleagues welcome you and you can look forward to both a @@mentor arrangement## and all the support you need .
If so then we have the job for you .
If so then we have the job for you .
You can @@choose to work either full time or part time## .
You can choose to work either full time or part time .
Easy access to public transport
Easy access to public transport
There are buses to/from <LOCATION> .
There are buses to/from <LOCATION> .
During the training period we expect you to @@work three days a week## .
During the training period we expect you to work three days a week .
We @@hand out letters## direct mail packages newspapers and magazines
We hand out letters direct mail packages newspapers and magazines
Fluency in English excellent @@communication## and @@collaborations skills## as well as independence in paper and project @@writing## are necessary prerequisites .
Fluency in @@English## excellent communication and collaborations skills as well as independence in paper and project writing are necessary prerequisites .
Appointment will be based on merit alone.
Appointment will be based on merit alone.
<NAME> <CONTACT> <CONTACT> <CONTACT> <CONTACT> <CONTACT> .
<NAME> <CONTACT> <CONTACT> <CONTACT> <CONTACT> <CONTACT> .
For further information about the position please contact the hiring manager <NAME> <NAME> via telephone <CONTACT> <CONTACT> .
For further information about the position please contact the hiring manager <NAME> <NAME> via telephone <CONTACT> <CONTACT> .
You can expect a very dynamic work life where you meet a technically deep-seated R&D organization an informal work culture and a manager who will @@help you excel in your role## .
You can expect a very dynamic work life where you meet a technically deep-seated R&D organization an informal work culture and a manager who will help you excel in your role .
Please note that for Danish applicants we may request a criminal record certificate in connection with this job and that employment will be subject to the information listed .
Please note that for Danish applicants we may request a @@criminal record certificate## in connection with this job and that employment will be subject to the information listed .
android mobile kotlin
@@android## @@mobile## @@kotlin##
@@Proactive contribution to continual improvements## within your team through both @@active participation in retrospectives## and from @@engagement with cross team bestpractice communities##.
Proactive contribution to continual improvements within your team through both active participation in @@retrospectives## and from engagement with cross team @@bestpractice communities##
MATLAB .
@@MATLAB## .
Key responsibilities  @@Participation in the elaboration of user stories ( technical and functional)## .
Key responsibilities  Participation in the elaboration of @@user stories ( technical and functional)## .
The PhD Student will be responsible for @@constructing a 'light sheet' fluorescence microscope for live-sample imaging of 3D printed organoids mimicking the intestinal barrier## .
The @@PhD Student## will be responsible for constructing a @@'light sheet' fluorescence microscope## for live-sample imaging of @@3D printed organoids## mimicking the @@intestinal barrier## .
We do however still run tours year-round so we welcome applicants who want to continue into our low season and @@make a longer commitment## .
We do however still run tours year-round so we welcome applicants who want to continue into our low season and make a longer commitment .
Then take a look at this opportunity where you will @@cooperate closely with our sales transport and construction business##, our component designers and your dedicated colleagues!
Then take a look at this opportunity where you will cooperate closely with our sales transport and @@construction business## our @@component designers## and your dedicated colleagues!
To @@convey our message## we often use visual aids and tools which allows us to @@demonstrate in what ways new possible members can help the children## .
To convey our message we often use @@visual aids## and tools which allows us to demonstrate in what ways new possible members can help the children .
management/guides are on other @@off-site duties##
management/guides are on other off-site duties
@@Available to work during high season ( April/May-September)##; @@Prepared for a flexible working day## .
Available to work during high season ( April/May-September); Prepared for a flexible working day .
Head of Solid Products Development Formulation Development <ORGANIZATION> <ORGANIZATION> <ORGANIZATION> <ORGANIZATION> forms the bridge between our basic research and the production processes .
Head of @@Solid Products Development## @@Formulation Development## <ORGANIZATION> <ORGANIZATION> <ORGANIZATION> <ORGANIZATION> forms the bridge between our basic research and the production processes .
This position will be based mainly at the <LOCATION> site .
This position will be based mainly at the <LOCATION> site .
An inspiring working atmosphere in a beautiful open office space with a spectacular view of the waterfront ( we support your relocation in case you don't live here yet ) Excellent equipment of your choice and access to the best tools available
An inspiring working atmosphere in a beautiful open office space with a spectacular view of the waterfront ( we support your relocation in case you don't live here yet ) Excellent equipment of your choice and access to the best tools available
Application of S/TEM and EELS for atomic-resolution and in situ studies .
Application of @@S/TEM## and @@EELS## for atomic-resolution and in situ studies .
As Associate Manager you will @@be responsible for daily and professional leadership## of 26 committed employees in the production team which primarily consists of hourly-paid employees .
As Associate Manager you will be responsible for daily and professional @@leadership## of 26 committed employees in the production team which primarily consists of hourly-paid employees .
In case of an interview you will be asked to provide a copy of your criminal record .
In case of an interview you will be asked to provide a copy of your @@criminal record## .
The project will be related to the question how relatively few kinases in bacteria can @@control the phosphorylation state## of a large number of substrate proteins .
The project will be related to the question how relatively few @@kinases in bacteria## can control the @@phosphorylation state## of a large number of @@substrate proteins## .
The successful candidate has substantial @@teaching experience## and ideally in @@research management## for example Ph.D .
The successful candidate has substantial teaching experience and ideally in @@research management## for example @@Ph.D## .
The candidates shortlisted for such an assessment will be notified about the composition of the assessment committee .
The candidates shortlisted for such an assessment will be notified about the composition of the assessment committee .
Your work will have a true impact on <ORGANIZATION> <ORGANIZATION> future success .
Your work will have a true impact on <ORGANIZATION> <ORGANIZATION> future success .
In this role youll work closely with developers designers and marketers who are @@building our brand## and @@shaping the visual identity of our company## .
In this role youll work closely with developers designers and marketers who are building our brand and shaping the visual identity of our company .
In <LOCATION> the clinic offers 24-hour surgery gynaecology and obstetrics as well as paediatrics including a neonatal unit .
In <LOCATION> the clinic offers 24-hour surgery @@gynaecology## and @@obstetrics## as well as @@paediatrics## including a @@neonatal unit## .
We are looking for a Head of Digital Supply Chain Community who can @@lead and implement an aligned strategy globally## .
We are looking for a Head of @@Digital Supply Chain Community## who can lead and implement an aligned strategy globally .
Have we not @@answered all of your questions?##
Have we not answered all of your questions?
Applications must contain all materials to be given consideration .
Applications must contain all materials to be given consideration .
Your competences include that you are newly graduated or have a few years of experience have a degree in business economics maths or a similar discipline have a desire to @@learn and develop## are @@proactive## @@commercially astute## and have a @@problem-solving attitude## are a @@team player## and thrive in an international environment are a good @@communicator## who speaks and writes English fluently .
Your competences include that you are newly graduated or have a few years of experience have a degree in business economics maths or a similar discipline have a desire to learn and develop are proactive commercially astute and have a problem-solving attitude are a team player and thrive in an international environment are a good communicator who speaks and writes @@English## fluently .
<LOCATION> to larger cities .
<LOCATION> to larger cities .
Salary and terms of employment comply with the collective agreement for consultants/registered medical specialists .
Salary and terms of employment comply with the @@collective agreement for consultants/registered medical specialists## .
You will @@be actively embracing frequent delivery end-to-end application ownership and lean/agile principles## .
You will be actively embracing frequent delivery end-to-end application ownership and @@lean/agile principles## .
If you no not have a @@teaching plan## or 5 publications please upload blank documents in these boxes .
If you no not have a teaching plan or 5 publications please upload blank documents in these boxes .
Occasional travel activities are to be expected in connection with this position .
Occasional travel activities are to be expected in connection with this position .
Application deadline: ASAP .
Application deadline: ASAP .
By @@combining our knowledge about enzymes powder processes and customer requirements## we @@develop enzyme powders of high quality## .
By combining our knowledge about @@enzymes## @@powder processes## and customer requirements we develop enzyme powders of high quality .
Information about the Department can be found at: <CONTACT> .
Information about the Department can be found at: <CONTACT> .
It is important you @@pride yourself in providing a first-class experience## as we have a high standard at our company .
It is important you pride yourself in providing a first-class experience as we have a high standard at our company .
What you'll be @@working on##…
What you'll be working on…
subtilis would be advantageous but not a requirement .
@@subtilis## would be advantageous but not a requirement .
The position is placed in salary group 3 or 4 depending on qualifications and experience .
The position is placed in salary group 3 or 4 depending on qualifications and experience .
You @@can read## the Latin alphabet.
You can read the @@Latin alphabet##
Here you will @@work on new algorithm concepts## being part of our expert team around directionality/beam-forming and finally @@do trimming and verification of various audio algorithms## in projects with respect to the final sound quality target of the product .
Here you will work on new @@algorithm concepts## being part of our expert team around @@directionality/beam-forming## and finally do trimming and verification of various @@audio algorithms## in projects with respect to the final sound quality target of the product .
